// Vitest Snapshot v1, https://vitest.dev/guide/snapshot.html

exports[`heading > renders 1`] = `
"<div class="govuk-grid-row app-heading" data-testid="app-heading">
  <div class="govuk-grid-column-two-thirds">
    <h1
      class="govuk-heading-xl govuk-!-margin-bottom-2"
      data-testid="app-heading-title"
    >
      Services
    </h1>

      <span class="govuk-caption-m" data-testid="app-heading-caption"
        >A page showing available services</span
      >
  </div>
</div>
"
`;
