// Vitest Snapshot v1, https://vitest.dev/guide/snapshot.html

exports[`case-details-tab-navigation > renders 1`] = `
"
  <div class="govuk-service-navigation"
data-module="govuk-service-navigation"
>
      <div class="govuk-width-container">

    <div class="govuk-service-navigation__container">
      

      
        <nav aria-label="Menu" class="govuk-service-navigation__wrapper">
          <button type="button" class="govuk-service-navigation__toggle govuk-js-service-navigation-toggle" aria-controls="navigation" hidden>
            Menu
          </button>

          <ul class="govuk-service-navigation__list" id="navigation" >

            
              
              <li class="govuk-service-navigation__item">
                  <a class="govuk-service-navigation__link" href="/cases/123">
                                    
Tasks
                  </a>
              </li>

              
              <li class="govuk-service-navigation__item">
                  <a class="govuk-service-navigation__link" href="/cases/123/case-details">
                                    
Case Details
                  </a>
              </li>

              
              <li class="govuk-service-navigation__item">
                  <a class="govuk-service-navigation__link" href="#">
                                    
Notes
                  </a>
              </li>

              
              <li class="govuk-service-navigation__item">
                  <a class="govuk-service-navigation__link" href="/cases/123/timeline">
                                    
Timeline
                  </a>
              </li>

            </ul>
        </nav>
    </div>

    </div>

  </div>

"
`;
