// Vitest Snapshot v1, https://vitest.dev/guide/snapshot.html

exports[`case-summary > renders 1`] = `
"
<div class="govuk-!-margin-bottom-6 app-case-banner">
  <div class="govuk-width-container">
    <a href="/cases" class="govuk-back-link">Back to cases</a>

    <h1 class="govuk-heading-m">
      Valley Farm
    </h1>

    <div>
      <div class="app-case-row">
      </div>
    </div>
  </div>
</div>
"
`;
