// Vitest Snapshot v1, https://vitest.dev/guide/snapshot.html

exports[`viewTaskRoute > returns a task 1`] = `
"
  
<div class="govuk-!-margin-bottom-6 app-case-banner">
  <div class="govuk-width-container">
    <a href="/cases" class="govuk-back-link">Back to cases</a>

    <h1 class="govuk-heading-m">
      Valley Farm
    </h1>

    <div>
      <div class="app-case-row">
      </div>
    </div>
  </div>
</div>

  <div class="govuk-body">
    
  <div class="govuk-service-navigation" data-module="govuk-service-navigation">
      <div class="govuk-width-container">

    <div class="govuk-service-navigation__container">
      

      
        <nav aria-label="Menu" class="govuk-service-navigation__wrapper">
          <button type="button" class="govuk-service-navigation__toggle govuk-js-service-navigation-toggle" aria-controls="navigation" hidden="">
            Menu
          </button>

          <ul class="govuk-service-navigation__list" id="navigation">

            
              
              <li class="govuk-service-navigation__item govuk-service-navigation__item--active">
                  <a class="govuk-service-navigation__link" href="/cases/68495db5afe2d27b09b2ee47" aria-current="true">
                                    
                  <strong class="govuk-service-navigation__active-fallback">Tasks</strong>

                  </a>
              </li>

              
              <li class="govuk-service-navigation__item">
                  <a class="govuk-service-navigation__link" href="/cases/68495db5afe2d27b09b2ee47/case-details">
                                    
Case Details
                  </a>
              </li>

              
              <li class="govuk-service-navigation__item">
                  <a class="govuk-service-navigation__link" href="#">
                                    
Notes
                  </a>
              </li>

              
              <li class="govuk-service-navigation__item">
                  <a class="govuk-service-navigation__link" href="/cases/68495db5afe2d27b09b2ee47/timeline">
                                    
Timeline
                  </a>
              </li>

            </ul>
        </nav>
    </div>

    </div>

  </div>


    

<div class="govuk-grid-row">
  <div class="govuk-grid-column-two-thirds">
    <a href="/cases/68495db5afe2d27b09b2ee47" class="govuk-back-link" data-testid="back-link">Back to task list</a>

    <h2 class="govuk-heading-l govuk-!-margin-top-6" data-testid="task-details-heading">
      Simple Review
    </h2>

  </div>
</div>

  </div>
        "
`;
