// Vitest Snapshot v1, https://vitest.dev/guide/snapshot.html

exports[`defra-heading > renders 1`] = `
"<h1 class="govuk-visually-hidden">
  Department for Environment, Food &amp; Rural Affairs
</h1>
<div class="govuk-width-container">
  <main
    class="govuk-main-wrapper govuk-!-padding-top-4 govuk-!-padding-bottom-4 defra-banner"
  >
    <div class="govuk-grid-row">
      <div class="govuk-grid-column-one-third govuk-!-padding-left-0">
        <div class="defra-crest" data-testid="defra-heading-logo">
          <span class="defra-logo-name">
            Department<br />for Environment,<br />Food &amp; Rural Affairs
          </span>
        </div>
      </div>
      <div class="govuk-grid-column-two-thirds">
        <div class="govuk-grid-column-two-thirds govuk-!-static-padding-top-5">
          <h1 class="govuk-heading-m" data-testid="defra-heading-service-name">
            Manage rural grant applications
          </h1>
        </div>
      </div>
    </div>
  </main>
</div>
"
`;
